// Jest Snapshot v1, https://jestjs.io/docs/snapshot-testing

exports[`buildAPI(opts) sanity check 1`] = `
Router {
  "methods": [
    "HEAD",
    "OPTIONS",
    "GET",
    "PUT",
    "PATCH",
    "POST",
    "DELETE",
  ],
  "opts": {},
  "params": {},
  "stack": [
    Layer {
      "methods": [],
      "name": null,
      "opts": {
        "end": false,
        "ignoreCaptures": true,
        "name": undefined,
        "prefix": "",
        "sensitive": false,
        "strict": false,
      },
      "paramNames": [
        {
          "asterisk": false,
          "delimiter": "/",
          "name": 0,
          "optional": false,
          "partial": false,
          "pattern": ".*",
          "prefix": "",
          "repeat": false,
        },
      ],
      "path": "(.*)",
      "regexp": /\\^\\(\\(\\?:\\.\\*\\)\\)\\(\\?:\\\\/\\(\\?=\\$\\)\\)\\?\\(\\?=\\\\/\\|\\$\\)/i,
      "stack": [
        [Function],
      ],
    },
    Layer {
      "methods": [
        "POST",
      ],
      "name": null,
      "opts": {
        "end": true,
        "ignoreCaptures": undefined,
        "name": null,
        "prefix": "",
        "sensitive": false,
        "strict": false,
      },
      "paramNames": [],
      "path": "/api/v1/movies.list",
      "regexp": /\\^\\\\/api\\\\/v1\\\\/movies\\\\\\.list\\(\\?:\\\\/\\(\\?=\\$\\)\\)\\?\\$/i,
      "stack": [
        [Function],
      ],
    },
    Layer {
      "methods": [
        "POST",
      ],
      "name": null,
      "opts": {
        "end": true,
        "ignoreCaptures": undefined,
        "name": null,
        "prefix": "",
        "sensitive": false,
        "strict": false,
      },
      "paramNames": [],
      "path": "/api/v1/movies.play",
      "regexp": /\\^\\\\/api\\\\/v1\\\\/movies\\\\\\.play\\(\\?:\\\\/\\(\\?=\\$\\)\\)\\?\\$/i,
      "stack": [
        [Function],
      ],
    },
    Layer {
      "methods": [
        "HEAD",
        "GET",
      ],
      "name": null,
      "opts": {
        "end": true,
        "ignoreCaptures": undefined,
        "name": null,
        "prefix": "",
        "sensitive": false,
        "strict": false,
      },
      "paramNames": [],
      "path": "/api/v1/discovery",
      "regexp": /\\^\\\\/api\\\\/v1\\\\/discovery\\(\\?:\\\\/\\(\\?=\\$\\)\\)\\?\\$/i,
      "stack": [
        [Function],
      ],
    },
    Layer {
      "methods": [
        "POST",
      ],
      "name": null,
      "opts": {
        "end": true,
        "ignoreCaptures": undefined,
        "name": null,
        "prefix": "",
        "sensitive": false,
        "strict": false,
      },
      "paramNames": [],
      "path": "/api/v1/books.read",
      "regexp": /\\^\\\\/api\\\\/v1\\\\/books\\\\\\.read\\(\\?:\\\\/\\(\\?=\\$\\)\\)\\?\\$/i,
      "stack": [
        [Function],
      ],
    },
    Layer {
      "methods": [
        "HEAD",
        "GET",
      ],
      "name": null,
      "opts": {
        "end": true,
        "ignoreCaptures": undefined,
        "name": null,
        "prefix": "",
        "sensitive": false,
        "strict": false,
      },
      "paramNames": [],
      "path": "/api/v1/discovery",
      "regexp": /\\^\\\\/api\\\\/v1\\\\/discovery\\(\\?:\\\\/\\(\\?=\\$\\)\\)\\?\\$/i,
      "stack": [
        [Function],
      ],
    },
  ],
}
`;
