// Jest Snapshot v1, https://jestjs.io/docs/snapshot-testing

exports[`buildAPI(opts) sanity check 1`] = `
RouterImplementation {
  "_events": RouterEventEmitter {
    "_handlers": Map {},
  },
  "exclusive": false,
  "host": undefined,
  "methods": [
    "HEAD",
    "OPTIONS",
    "GET",
    "PUT",
    "PATCH",
    "POST",
    "DELETE",
  ],
  "opts": {},
  "params": {},
  "stack": [
    Layer {
      "methods": [],
      "name": undefined,
      "opts": {
        "end": false,
        "ignoreCaptures": true,
        "ignoreWildcardParameter": undefined,
        "name": undefined,
        "pathAsRegExp": true,
        "prefix": "",
        "sensitive": false,
        "strict": false,
      },
      "paramNames": [],
      "path": "(?:\\/|$)",
      "regexp": /\\(\\?:\\\\/\\|\\$\\)/,
      "stack": [
        [Function],
      ],
    },
    Layer {
      "methods": [
        "POST",
      ],
      "name": undefined,
      "opts": {
        "end": true,
        "ignoreCaptures": undefined,
        "ignoreWildcardParameter": undefined,
        "name": undefined,
        "pathAsRegExp": false,
        "prefix": "",
        "sensitive": false,
        "strict": false,
      },
      "paramNames": [],
      "path": "/api/v1/movies.list",
      "regexp": /\\^\\(\\?:\\\\/api\\\\/v1\\\\/movies\\\\\\.list\\)\\(\\?:\\\\/\\$\\)\\?\\$/i,
      "stack": [
        [Function],
      ],
    },
    Layer {
      "methods": [
        "POST",
      ],
      "name": undefined,
      "opts": {
        "end": true,
        "ignoreCaptures": undefined,
        "ignoreWildcardParameter": undefined,
        "name": undefined,
        "pathAsRegExp": false,
        "prefix": "",
        "sensitive": false,
        "strict": false,
      },
      "paramNames": [],
      "path": "/api/v1/movies.play",
      "regexp": /\\^\\(\\?:\\\\/api\\\\/v1\\\\/movies\\\\\\.play\\)\\(\\?:\\\\/\\$\\)\\?\\$/i,
      "stack": [
        [Function],
      ],
    },
    Layer {
      "methods": [
        "HEAD",
        "GET",
      ],
      "name": undefined,
      "opts": {
        "end": true,
        "ignoreCaptures": undefined,
        "ignoreWildcardParameter": undefined,
        "name": undefined,
        "pathAsRegExp": false,
        "prefix": "",
        "sensitive": false,
        "strict": false,
      },
      "paramNames": [],
      "path": "/api/v1/discovery",
      "regexp": /\\^\\(\\?:\\\\/api\\\\/v1\\\\/discovery\\)\\(\\?:\\\\/\\$\\)\\?\\$/i,
      "stack": [
        [Function],
      ],
    },
    Layer {
      "methods": [
        "POST",
      ],
      "name": undefined,
      "opts": {
        "end": true,
        "ignoreCaptures": undefined,
        "ignoreWildcardParameter": undefined,
        "name": undefined,
        "pathAsRegExp": false,
        "prefix": "",
        "sensitive": false,
        "strict": false,
      },
      "paramNames": [],
      "path": "/api/v1/books.read",
      "regexp": /\\^\\(\\?:\\\\/api\\\\/v1\\\\/books\\\\\\.read\\)\\(\\?:\\\\/\\$\\)\\?\\$/i,
      "stack": [
        [Function],
      ],
    },
    Layer {
      "methods": [
        "HEAD",
        "GET",
      ],
      "name": undefined,
      "opts": {
        "end": true,
        "ignoreCaptures": undefined,
        "ignoreWildcardParameter": undefined,
        "name": undefined,
        "pathAsRegExp": false,
        "prefix": "",
        "sensitive": false,
        "strict": false,
      },
      "paramNames": [],
      "path": "/api/v1/discovery",
      "regexp": /\\^\\(\\?:\\\\/api\\\\/v1\\\\/discovery\\)\\(\\?:\\\\/\\$\\)\\?\\$/i,
      "stack": [
        [Function],
      ],
    },
  ],
}
`;
